{
  "versionInfo": "00000001",
  "resources": [
    {
      "@type": "type.googleapis.com/envoy.config.listener.v3.Listener",
      "name": "http:1.2.3.4:8080",
      "address": {
        "socketAddress": {
          "address": "1.2.3.4",
          "portValue": 8080
        }
      },
      "filterChains": [
        {
          "filterChainMatch": {
            "serverNames": [
              "s1.example.com"
            ]
          },
          "filters": [
            {
              "name": "envoy.filters.network.http_connection_manager",
              "typedConfig": {
                "@type": "type.googleapis.com/envoy.extensions.filters.network.http_connection_manager.v3.HttpConnectionManager",
                "statPrefix": "ingress_upstream_8080_s1",
                "rds": {
                  "configSource": {
                    "ads": {

                    },
                    "resourceApiVersion": "V3"
                  },
                  "routeConfigName": "8080_s1"
                },
                "httpFilters": [
                  {
                    "name": "envoy.filters.http.header_to_metadata",
                    "typedConfig": {
                      "@type": "type.googleapis.com/envoy.extensions.filters.http.header_to_metadata.v3.Config",
                      "requestRules": [
                        {
                          "header": "x-forwarded-client-cert",
                          "onHeaderPresent": {
                            "metadataNamespace": "consul",
                            "key": "trust_domain",
                            "regexValueRewrite": {
                              "pattern": {
                                "googleRe2": {

                                },
                                "regex": "^spiffe://([^/]+.[^/]+)(/ap/([^/]+))?/ns/([^/]+)/dc/([^/]+)/svc/([^/]+)$"
                              },
                              "substitution": "\\0"
                            }
                          }
                        },
                        {
                          "header": "x-forwarded-client-cert",
                          "onHeaderPresent": {
                            "metadataNamespace": "consul",
                            "key": "partition",
                            "regexValueRewrite": {
                              "pattern": {
                                "googleRe2": {

                                },
                                "regex": "^spiffe://([^/]+.[^/]+)(/ap/([^/]+))?/ns/([^/]+)/dc/([^/]+)/svc/([^/]+)$"
                              },
                              "substitution": "\\1"
                            }
                          }
                        },
                        {
                          "header": "x-forwarded-client-cert",
                          "onHeaderPresent": {
                            "metadataNamespace": "consul",
                            "key": "namespace",
                            "regexValueRewrite": {
                              "pattern": {
                                "googleRe2": {

                                },
                                "regex": "^spiffe://([^/]+.[^/]+)(/ap/([^/]+))?/ns/([^/]+)/dc/([^/]+)/svc/([^/]+)$"
                              },
                              "substitution": "\\2"
                            }
                          }
                        },
                        {
                          "header": "x-forwarded-client-cert",
                          "onHeaderPresent": {
                            "metadataNamespace": "consul",
                            "key": "datacenter",
                            "regexValueRewrite": {
                              "pattern": {
                                "googleRe2": {

                                },
                                "regex": "^spiffe://([^/]+.[^/]+)(/ap/([^/]+))?/ns/([^/]+)/dc/([^/]+)/svc/([^/]+)$"
                              },
                              "substitution": "\\3"
                            }
                          }
                        },
                        {
                          "header": "x-forwarded-client-cert",
                          "onHeaderPresent": {
                            "metadataNamespace": "consul",
                            "key": "service",
                            "regexValueRewrite": {
                              "pattern": {
                                "googleRe2": {

                                },
                                "regex": "^spiffe://([^/]+.[^/]+)(/ap/([^/]+))?/ns/([^/]+)/dc/([^/]+)/svc/([^/]+)$"
                              },
                              "substitution": "\\4"
                            }
                          }
                        }
                      ]
                    }
                  },
                  {
                    "name": "envoy.filters.http.router",
                    "typedConfig": {
                      "@type": "type.googleapis.com/envoy.extensions.filters.http.router.v3.Router"
                    }
                  }
                ],
                "tracing": {
                  "randomSampling": {

                  }
                }
              }
            }
          ],
          "transportSocket": {
            "name": "tls",
            "typedConfig": {
              "@type": "type.googleapis.com/envoy.extensions.transport_sockets.tls.v3.DownstreamTlsContext",
              "commonTlsContext": {
                "tlsParams": {

                },
                "tlsCertificateSdsSecretConfigs": [
                  {
                    "name": "s1.example.com-cert",
                    "sdsConfig": {
                      "apiConfigSource": {
                        "apiType": "GRPC",
                        "transportApiVersion": "V3",
                        "grpcServices": [
                          {
                            "envoyGrpc": {
                              "clusterName": "sds-cluster-1"
                            },
                            "timeout": "5s"
                          }
                        ]
                      },
                      "resourceApiVersion": "V3"
                    }
                  }
                ],
                "alpnProtocols": [
                  "http/1.1"
                ]
              },
              "requireClientCertificate": false
            }
          }
        },
        {
          "filters": [
            {
              "name": "envoy.filters.network.http_connection_manager",
              "typedConfig": {
                "@type": "type.googleapis.com/envoy.extensions.filters.network.http_connection_manager.v3.HttpConnectionManager",
                "statPrefix": "ingress_upstream_8080",
                "rds": {
                  "configSource": {
                    "ads": {

                    },
                    "resourceApiVersion": "V3"
                  },
                  "routeConfigName": "8080"
                },
                "httpFilters": [
                  {
                    "name": "envoy.filters.http.header_to_metadata",
                    "typedConfig": {
                      "@type": "type.googleapis.com/envoy.extensions.filters.http.header_to_metadata.v3.Config",
                      "requestRules": [
                        {
                          "header": "x-forwarded-client-cert",
                          "onHeaderPresent": {
                            "metadataNamespace": "consul",
                            "key": "trust_domain",
                            "regexValueRewrite": {
                              "pattern": {
                                "googleRe2": {

                                },
                                "regex": "^spiffe://([^/]+.[^/]+)(/ap/([^/]+))?/ns/([^/]+)/dc/([^/]+)/svc/([^/]+)$"
                              },
                              "substitution": "\\0"
                            }
                          }
                        },
                        {
                          "header": "x-forwarded-client-cert",
                          "onHeaderPresent": {
                            "metadataNamespace": "consul",
                            "key": "partition",
                            "regexValueRewrite": {
                              "pattern": {
                                "googleRe2": {

                                },
                                "regex": "^spiffe://([^/]+.[^/]+)(/ap/([^/]+))?/ns/([^/]+)/dc/([^/]+)/svc/([^/]+)$"
                              },
                              "substitution": "\\1"
                            }
                          }
                        },
                        {
                          "header": "x-forwarded-client-cert",
                          "onHeaderPresent": {
                            "metadataNamespace": "consul",
                            "key": "namespace",
                            "regexValueRewrite": {
                              "pattern": {
                                "googleRe2": {

                                },
                                "regex": "^spiffe://([^/]+.[^/]+)(/ap/([^/]+))?/ns/([^/]+)/dc/([^/]+)/svc/([^/]+)$"
                              },
                              "substitution": "\\2"
                            }
                          }
                        },
                        {
                          "header": "x-forwarded-client-cert",
                          "onHeaderPresent": {
                            "metadataNamespace": "consul",
                            "key": "datacenter",
                            "regexValueRewrite": {
                              "pattern": {
                                "googleRe2": {

                                },
                                "regex": "^spiffe://([^/]+.[^/]+)(/ap/([^/]+))?/ns/([^/]+)/dc/([^/]+)/svc/([^/]+)$"
                              },
                              "substitution": "\\3"
                            }
                          }
                        },
                        {
                          "header": "x-forwarded-client-cert",
                          "onHeaderPresent": {
                            "metadataNamespace": "consul",
                            "key": "service",
                            "regexValueRewrite": {
                              "pattern": {
                                "googleRe2": {

                                },
                                "regex": "^spiffe://([^/]+.[^/]+)(/ap/([^/]+))?/ns/([^/]+)/dc/([^/]+)/svc/([^/]+)$"
                              },
                              "substitution": "\\4"
                            }
                          }
                        }
                      ]
                    }
                  },
                  {
                    "name": "envoy.filters.http.router",
                    "typedConfig": {
                      "@type": "type.googleapis.com/envoy.extensions.filters.http.router.v3.Router"
                    }
                  }
                ],
                "tracing": {
                  "randomSampling": {

                  }
                }
              }
            }
          ]
        }
      ],
      "listenerFilters": [
        {
          "name": "envoy.filters.listener.tls_inspector",
          "typedConfig": {
            "@type": "type.googleapis.com/envoy.extensions.filters.listener.tls_inspector.v3.TlsInspector"
          }
        }
      ],
      "trafficDirection": "OUTBOUND"
    }
  ],
  "typeUrl": "type.googleapis.com/envoy.config.listener.v3.Listener",
  "nonce": "00000001"
}